Microchip MPLAB XC8 Compiler V3.00

Linker command line:

-W-3 \
  --edf=C:\Program Files\Microchip\xc8\v3.00\pic\dat\20241204225717_en.msgs \
  -pivt0x8=08h -cn \
  -h+dist/default/production\Atomizacion_q43_main_lm35.X.production.sym \
  --cmf=dist/default/production\Atomizacion_q43_main_lm35.X.production.cmf \
  -z -Q18F57Q43 \
  -oC:\Users\erjo_\AppData\Local\Temp\xcAs12e0.\driver_tmp_3.o \
  --defsym=__MPLAB_BUILD=1 --fixupoverflow=error \
  -Mdist/default/production/Atomizacion_q43_main_lm35.X.production.map \
  --md=C:\Users\erjo_\AppData\Local\Temp\xcAs12e0.\driver_tmp_0.dat -E1 \
  -ver=XC8 Compiler -ACODE=00h-01FFFFh -ACONST=00h-01FFFFh \
  -ASMALLCONST=02600h-026FFhx218,012600h-0126FFhx218 \
  -AMEDIUMCONST=02600h-0FFFFh,012600h-01FFFFh -ACOMRAM=0501h-055Fh \
  -AABS1=0500h-024FFh -ABIGRAM=0501h-024FFh \
  -ARAM=0560h-05FFh,0600h-06FFhx31 -ABANK5=0560h-05FFh -ABANK6=0600h-06FFh \
  -ABANK7=0700h-07FFh -ABANK8=0800h-08FFh -ABANK9=0900h-09FFh \
  -ABANK10=0A00h-0AFFh -ABANK11=0B00h-0BFFh -ABANK12=0C00h-0CFFh \
  -ABANK13=0D00h-0DFFh -ABANK14=0E00h-0EFFh -ABANK15=0F00h-0FFFh \
  -ABANK16=01000h-010FFh -ABANK17=01100h-011FFh -ABANK18=01200h-012FFh \
  -ABANK19=01300h-013FFh -ABANK20=01400h-014FFh -ABANK21=01500h-015FFh \
  -ABANK22=01600h-016FFh -ABANK23=01700h-017FFh -ABANK24=01800h-018FFh \
  -ABANK25=01900h-019FFh -ABANK26=01A00h-01AFFh -ABANK27=01B00h-01BFFh \
  -ABANK28=01C00h-01CFFh -ABANK29=01D00h-01DFFh -ABANK30=01E00h-01EFFh \
  -ABANK31=01F00h-01FFFh -ABANK32=02000h-020FFh -ABANK33=02100h-021FFh \
  -ABANK34=02200h-022FFh -ABANK35=02300h-023FFh -ABANK36=02400h-024FFh \
  -ASFR=00h-0FFhx4,0400h-045Fh,0460h-04FFh,02500h-025FFh \
  -ABIGSFR=00h-04FFh,02500h-025FFh -ACONFIG=0300000h-0300011h \
  -AIDLOC=0200000h-020003Fh -AEEDATA=0380000h-03803FFh -peeprom_data=EEDATA \
  -preset_vec=00h -ppowerup=CODE,init -pramtop=02600h \
  -psmallconst=SMALLCONST -pmediumconst=MEDIUMCONST -pconst=CONST \
  -AFARRAM=00h-00h \
  -prdata=COMRAM,nvrram=COMRAM,nvbit=COMRAM,rbss=COMRAM,rbit=COMRAM \
  -pfarbss=FARRAM,fardata=FARRAM,nvFARRAM=FARRAM \
  -pintsave_regs=BIGRAM,bigbss=BIGRAM,bigdata=BIGRAM -pbss=RAM \
  -pidata=CODE,irdata=CODE,ibigdata=CODE,ifardata=CODE -prparam=COMRAM \
  C:\Users\erjo_\AppData\Local\Temp\xcAs12e0.\driver_tmp_14.o \
  dist/default/production\Atomizacion_q43_main_lm35.X.production.o 

Object code version is 3.11

Machine type is 18F57Q43



                Name                               Link     Load   Length Selector   Space Scale
C:\Users\erjo_\AppData\Local\Temp\xcAs12e0.\driver_tmp_14.o
                config                           300000   300000        A        0       4
                init                                 1A       1A        4        4       0
                reset_vec                             0        0        4        0       0
dist/default/production\Atomizacion_q43_main_lm35.X.production.o
                config                           300000   300000        A        0       4
                smallconst                         2600     2600       BC     1300       0
                ivt0x8                                8        8       12        4       0
                text126                            7100     7100        4     37F2       0
                text125                            70FC     70FC        4     37F2       0
                text124                            70A4     70A4        8     37F2       0
                text123                            7082     7082        A     37F2       0
                text122                            70EE     70EE        6     37F2       0
                text121                            6FF6     6FF6       10     37F2       0
                text120                            6FBC     6FBC       14     135E       0
                text119                            6A66     6A66       3E     135E       0
                text118                            6F7E     6F7E       16     135E       0
                text117                            6F68     6F68       16     135E       0
                text116                            6F52     6F52       16     135E       0
                text115                            6F3C     6F3C       16     135E       0
                text114                            6F26     6F26       16     135E       0
                text113                            70E8     70E8        6     37F2       0
                text112                            709C     709C        8     37F2       0
                text111                            70E2     70E2        6     37F2       0
                text110                            7094     7094        8     37F2       0
                text109                            6D18     6D18       26     135E       0
                text108                            5EF4     5EF4       C2     135E       0
                text107                            6CCA     6CCA       28     135E       0
                text106                            708C     708C        8     37F2       0
                text105                            70DC     70DC        6     37F2       0
                text104                            6CA0     6CA0       2A     135E       0
                text103                            650C     650C       96     135E       0
                text102                            70D6     70D6        6     37F2       0
                text101                            6F10     6F10       16     135E       0
                text100                            6EFA     6EFA       16     135E       0
                text99                             5E32     5E32       C2     135E       0
                text98                             6124     6124       AE     135E       0
                text97                             6B86     6B86       34     135E       0
                text96                             6EE2     6EE2       18     135E       0
                text95                             688E     688E       4C     135E       0
                text94                             6E74     6E74       1E     135E       0
                text93                             5CA4     5CA4       CA     135E       0
                text92                             6964     6964       44     135E       0
                text91                             646A     646A       A2     135E       0
                text90                             530E     530E      14E     135E       0
                text89                             5D6E     5D6E       C4     135E       0
                text88                             519C     519C      172     135E       0
                text87                             436C     436C      26A     135E       0
                text86                             6840     6840       4E     135E       0
                text85                             6E16     6E16       22     135E       0
                text84                             6C48     6C48       2E     135E       0
                text83                             3948     3948      426     135E       0
                text82                             4B30     4B30      1B4     135E       0
                text81                             63C8     63C8       A2     135E       0
                text80                             7078     7078        A     37F2       0
                text79                             6FE4     6FE4       12     37F2       0
                text78                             6070     6070       B4     135E       0
                text77                             5906     5906      106     135E       0
                text76                             5BCC     5BCC       D8     135E       0
                text75                             70F8     70F8        4     37F2       0
                text74                             70F4     70F4        4     37F2       0
                text73                             6684     6684       62     135E       0
                text72                             710A     710A        2     37F2       0
                text71                             69E8     69E8       40     135E       0
                text70                             70D0     70D0        6     37F2       0
                text69                             7108     7108        2     37F2       0
                text68                             7106     7106        2     37F2       0
                text67                             7104     7104        2     37F2       0
                text66                             6B4E     6B4E       38     135E       0
                text65                             4100     4100      26C     135E       0
                text64                             6B16     6B16       38     135E       0
                text63                             5A0C     5A0C       E2     135E       0
                text62                             501E     501E      17E     135E       0
                text61                             6A28     6A28       3E     135E       0
                text60                             45D6     45D6      1E2     135E       0
                text59                             6BEA     6BEA       30     135E       0
                text58                             3068     3068      4B8     135E       0
                text57                             3D6E     3D6E      392     135E       0
                text56                             3520     3520      428     135E       0
                text55                             56E2     56E2      11E     135E       0
                text54                             4978     4978      1B8     135E       0
                text53                             6BBA     6BBA       30     135E       0
                text52                             706E     706E        A     37F2       0
                text51                             7064     7064        A     37F2       0
                text50                             70CA     70CA        6     37F2       0
                text49                             70C4     70C4        6     37F2       0
                text48                             69A8     69A8       40     135E       0
                text47                             6740     6740       5A     135E       0
                text46                             6322     6322       A6     135E       0
                text45                             55A0     55A0      142     135E       0
                text44                             65A2     65A2       80     135E       0
                text43                             4E84     4E84      19A     135E       0
                text42                             6622     6622       62     135E       0
                text41                             6FA8     6FA8       14     135E       0
                text40                             6F94     6F94       14     135E       0
                text39                             66E6     66E6       5A     135E       0
                text38                             704C     704C        E     37F2       0
                text37                             703E     703E        E     37F2       0
                text36                             7030     7030        E     37F2       0
                text35                             68DA     68DA       46     135E       0
                text34                             627A     627A       A8     135E       0
                text33                             6AA4     6AA4       3A     135E       0
                text32                             6DF2     6DF2       24     135E       0
                text31                             6DCE     6DCE       24     135E       0
                text30                             6DAA     6DAA       24     135E       0
                text29                             5FB6     5FB6       BA     135E       0
                text28                             6E56     6E56       1E     135E       0
                text27                             6920     6920       44     135E       0
                text26                             47B8     47B8      1C0     135E       0
                text25                             6ADE     6ADE       38     135E       0
                text24                             4CE4     4CE4      1A0     135E       0
                text23                             7022     7022        E     37F2       0
                text22                             70BE     70BE        6     37F2       0
                text21                             7014     7014        E     37F2       0
                text20                             7006     7006        E     37F2       0
                text19                             70B8     70B8        6     37F2       0
                text18                             70B2     70B2        6     37F2       0
                text17                             679A     679A       58     135E       0
                text16                             70AC     70AC        6     37F2       0
                text15                             6D86     6D86       24     135E       0
                text14                             6C1A     6C1A       2E     135E       0
                text13                             6D62     6D62       24     135E       0
                text12                             6ECA     6ECA       18     135E       0
                text11                             6D3E     6D3E       24     135E       0
                text10                             67F2     67F2       4E     135E       0
                text9                              5800     5800      106     135E       0
                text8                              26BC     26BC      4E0     135E       0
                text7                              705A     705A        A     37F2       0
                text6                              545C     545C      144     135E       0
                text5                              6EAE     6EAE       1C     135E       0
                text4                              6E92     6E92       1C     135E       0
                text3                              6CF2     6CF2       26     135E       0
                text2                              6E38     6E38       1E     135E       0
                text1                              5AEE     5AEE       DE     135E       0
                text0                              2B9C     2B9C      4CC     135E       0
                cstackCOMRAM                        501      501       5F      501       1
                cstackBANK5                         560      560       6F      560       1
                cstackBANK6                         6EB      6EB       12      600       1
                cstackBANK7                         786      786        C      700       1
                bssBANK11                           B00      B00       86      B00       1
                bssBANK10                           A00      A00       86      A00       1
                bssBANK9                            900      900       86      900       1
                bssBANK8                            800      800       86      800       1
                dataBANK7                           75C      75C       2A      700       1
                bssBANK7                            700      700       5C      700       1
                dataBANK6                           6D8      6D8       13      600       1
                bssBANK6                            600      600       D8      600       1
                bssBANK5                            5CF      5CF       1A      560       1
                cinit                              61D2     61D2       A8     135E       0
                nvBANK6                             6FD      6FD        3      600       1
                idataBANK7                         6C76     6C76       2A     135E       0
                idataBANK6                         6FD0     6FD0       13     135E       0

TOTAL           Name                               Link     Load   Length     Space
        CLASS   CODE           
                init                                 1A       1A        4         0
                reset_vec                             0        0        4         0
                ivt0x8                                8        8       12         0
                text126                            7100     7100        4         0
                text125                            70FC     70FC        4         0
                text124                            70A4     70A4        8         0
                text123                            7082     7082        A         0
                text122                            70EE     70EE        6         0
                text121                            6FF6     6FF6       10         0
                text120                            6FBC     6FBC       14         0
                text119                            6A66     6A66       3E         0
                text118                            6F7E     6F7E       16         0
                text117                            6F68     6F68       16         0
                text116                            6F52     6F52       16         0
                text115                            6F3C     6F3C       16         0
                text114                            6F26     6F26       16         0
                text113                            70E8     70E8        6         0
                text112                            709C     709C        8         0
                text111                            70E2     70E2        6         0
                text110                            7094     7094        8         0
                text109                            6D18     6D18       26         0
                text108                            5EF4     5EF4       C2         0
                text107                            6CCA     6CCA       28         0
                text106                            708C     708C        8         0
                text105                            70DC     70DC        6         0
                text104                            6CA0     6CA0       2A         0
                text103                            650C     650C       96         0
                text102                            70D6     70D6        6         0
                text101                            6F10     6F10       16         0
                text100                            6EFA     6EFA       16         0
                text99                             5E32     5E32       C2         0
                text98                             6124     6124       AE         0
                text97                             6B86     6B86       34         0
                text96                             6EE2     6EE2       18         0
                text95                             688E     688E       4C         0
                text94                             6E74     6E74       1E         0
                text93                             5CA4     5CA4       CA         0
                text92                             6964     6964       44         0
                text91                             646A     646A       A2         0
                text90                             530E     530E      14E         0
                text89                             5D6E     5D6E       C4         0
                text88                             519C     519C      172         0
                text87                             436C     436C      26A         0
                text86                             6840     6840       4E         0
                text85                             6E16     6E16       22         0
                text84                             6C48     6C48       2E         0
                text83                             3948     3948      426         0
                text82                             4B30     4B30      1B4         0
                text81                             63C8     63C8       A2         0
                text80                             7078     7078        A         0
                text79                             6FE4     6FE4       12         0
                text78                             6070     6070       B4         0
                text77                             5906     5906      106         0
                text76                             5BCC     5BCC       D8         0
                text75                             70F8     70F8        4         0
                text74                             70F4     70F4        4         0
                text73                             6684     6684       62         0
                text72                             710A     710A        2         0
                text71                             69E8     69E8       40         0
                text70                             70D0     70D0        6         0
                text69                             7108     7108        2         0
                text68                             7106     7106        2         0
                text67                             7104     7104        2         0
                text66                             6B4E     6B4E       38         0
                text65                             4100     4100      26C         0
                text64                             6B16     6B16       38         0
                text63                             5A0C     5A0C       E2         0
                text62                             501E     501E      17E         0
                text61                             6A28     6A28       3E         0
                text60                             45D6     45D6      1E2         0
                text59                             6BEA     6BEA       30         0
                text58                             3068     3068      4B8         0
                text57                             3D6E     3D6E      392         0
                text56                             3520     3520      428         0
                text55                             56E2     56E2      11E         0
                text54                             4978     4978      1B8         0
                text53                             6BBA     6BBA       30         0
                text52                             706E     706E        A         0
                text51                             7064     7064        A         0
                text50                             70CA     70CA        6         0
                text49                             70C4     70C4        6         0
                text48                             69A8     69A8       40         0
                text47                             6740     6740       5A         0
                text46                             6322     6322       A6         0
                text45                             55A0     55A0      142         0
                text44                             65A2     65A2       80         0
                text43                             4E84     4E84      19A         0
                text42                             6622     6622       62         0
                text41                             6FA8     6FA8       14         0
                text40                             6F94     6F94       14         0
                text39                             66E6     66E6       5A         0
                text38                             704C     704C        E         0
                text37                             703E     703E        E         0
                text36                             7030     7030        E         0
                text35                             68DA     68DA       46         0
                text34                             627A     627A       A8         0
                text33                             6AA4     6AA4       3A         0
                text32                             6DF2     6DF2       24         0
                text31                             6DCE     6DCE       24         0
                text30                             6DAA     6DAA       24         0
                text29                             5FB6     5FB6       BA         0
                text28                             6E56     6E56       1E         0
                text27                             6920     6920       44         0
                text26                             47B8     47B8      1C0         0
                text25                             6ADE     6ADE       38         0
                text24                             4CE4     4CE4      1A0         0
                text23                             7022     7022        E         0
                text22                             70BE     70BE        6         0
                text21                             7014     7014        E         0
                text20                             7006     7006        E         0
                text19                             70B8     70B8        6         0
                text18                             70B2     70B2        6         0
                text17                             679A     679A       58         0
                text16                             70AC     70AC        6         0
                text15                             6D86     6D86       24         0
                text14                             6C1A     6C1A       2E         0
                text13                             6D62     6D62       24         0
                text12                             6ECA     6ECA       18         0
                text11                             6D3E     6D3E       24         0
                text10                             67F2     67F2       4E         0
                text9                              5800     5800      106         0
                text8                              26BC     26BC      4E0         0
                text7                              705A     705A        A         0
                text6                              545C     545C      144         0
                text5                              6EAE     6EAE       1C         0
                text4                              6E92     6E92       1C         0
                text3                              6CF2     6CF2       26         0
                text2                              6E38     6E38       1E         0
                text1                              5AEE     5AEE       DE         0
                text0                              2B9C     2B9C      4CC         0
                cinit                              61D2     61D2       A8         0
                idataBANK7                         6C76     6C76       2A         0
                idataBANK6                         6FD0     6FD0       13         0

        CLASS   CONST          

        CLASS   SMALLCONST     
                smallconst                         2600     2600       BC         0

        CLASS   MEDIUMCONST    

        CLASS   COMRAM         
                cstackCOMRAM                        501      501       5F         1

        CLASS   ABS1           

        CLASS   BIGRAM         

        CLASS   RAM            

        CLASS   BANK5          
                cstackBANK5                         560      560       6F         1
                bssBANK5                            5CF      5CF       1A         1

        CLASS   BANK6          
                cstackBANK6                         6EB      6EB       12         1
                dataBANK6                           6D8      6D8       13         1
                bssBANK6                            600      600       D8         1
                nvBANK6                             6FD      6FD        3         1

        CLASS   BANK7          
                cstackBANK7                         786      786        C         1
                dataBANK7                           75C      75C       2A         1
                bssBANK7                            700      700       5C         1

        CLASS   BANK8          
                bssBANK8                            800      800       86         1

        CLASS   BANK9          
                bssBANK9                            900      900       86         1

        CLASS   BANK10         
                bssBANK10                           A00      A00       86         1

        CLASS   BANK11         
                bssBANK11                           B00      B00       86         1

        CLASS   BANK12         

        CLASS   BANK13         

        CLASS   BANK14         

        CLASS   BANK15         

        CLASS   BANK16         

        CLASS   BANK17         

        CLASS   BANK18         

        CLASS   BANK19         

        CLASS   BANK20         

        CLASS   BANK21         

        CLASS   BANK22         

        CLASS   BANK23         

        CLASS   BANK24         

        CLASS   BANK25         

        CLASS   BANK26         

        CLASS   BANK27         

        CLASS   BANK28         

        CLASS   BANK29         

        CLASS   BANK30         

        CLASS   BANK31         

        CLASS   BANK32         

        CLASS   BANK33         

        CLASS   BANK34         

        CLASS   BANK35         

        CLASS   BANK36         

        CLASS   SFR            

        CLASS   BIGSFR         

        CLASS   CONFIG         
                config                           300000   300000        A         4

        CLASS   IDLOC          

        CLASS   EEDATA         

        CLASS   FARRAM         

        CLASS   HEAP           

        CLASS   STACK          



SEGMENTS        Name                           Load    Length   Top    Selector   Space  Class

                reset_vec                      000000  000004  000004         0       0  CODE    
                ivt0x8                         000008  000016  00001E         4       0  CODE    
                cstackCOMRAM                   000501  00005F  000560       501       1  COMRAM  
                cstackBANK5                    000560  000089  0005E9       560       1  BANK5   
                bssBANK6                       000600  000100  000700       600       1  BANK6   
                bssBANK7                       000700  000092  000792       700       1  BANK7   
                bssBANK8                       000800  000086  000886       800       1  BANK8   
                bssBANK9                       000900  000086  000986       900       1  BANK9   
                bssBANK10                      000A00  000086  000A86       A00       1  BANK10  
                bssBANK11                      000B00  000086  000B86       B00       1  BANK11  
                smallconst                     002600  0000BC  0026BC      1300       0  SMALLCON
                text8                          0026BC  004927  006FE3      135E       0  CODE    
                text79                         006FE4  000128  00710C      37F2       0  CODE    


UNUSED ADDRESS RANGES

        Name                Unused          Largest block    Delta
        BANK10           000A86-000AFF               7A
        BANK11           000B86-000BFF               7A
        BANK12           000C00-000CFF              100
        BANK13           000D00-000DFF              100
        BANK14           000E00-000EFF              100
        BANK15           000F00-000FFF              100
        BANK16           001000-0010FF              100
        BANK17           001100-0011FF              100
        BANK18           001200-0012FF              100
        BANK19           001300-0013FF              100
        BANK20           001400-0014FF              100
        BANK21           001500-0015FF              100
        BANK22           001600-0016FF              100
        BANK23           001700-0017FF              100
        BANK24           001800-0018FF              100
        BANK25           001900-0019FF              100
        BANK26           001A00-001AFF              100
        BANK27           001B00-001BFF              100
        BANK28           001C00-001CFF              100
        BANK29           001D00-001DFF              100
        BANK30           001E00-001EFF              100
        BANK31           001F00-001FFF              100
        BANK32           002000-0020FF              100
        BANK33           002100-0021FF              100
        BANK34           002200-0022FF              100
        BANK35           002300-0023FF              100
        BANK36           002400-0024FF              100
        BANK5            0005E9-0005FF               17
        BANK7            000792-0007FF               6E
        BANK8            000886-0008FF               7A
        BANK9            000986-0009FF               7A
        BIGRAM           0005E9-0005FF               17
                         000792-0007FF               6E
                         000886-0008FF               7A
                         000986-0009FF               7A
                         000A86-000AFF               7A
                         000B86-0024FF             197A
        BIGSFR           000000-0004FF              500
                         002500-0025FF              100
        CODE             000004-000007                4
                         00001E-0025FF             25E2
                         006FE3-006FE3                1
                         00710C-01FFFF            18EF4
        CONFIG           30000A-300011                8
        CONST            000004-000007                4
                         00001E-0025FF             25E2
                         006FE3-006FE3                1
                         00710C-01FFFF            18EF4
        EEDATA           380000-3803FF              400
        IDLOC            200000-20003F               40
        MEDIUMCONST      006FE3-006FE3                1
                         00710C-00FFFF             8EF4
                         012600-01FFFF             DA00
        RAM              0005E9-0005FF               17
                         000792-0007FF               6E
                         000886-0008FF               7A
                         000986-0009FF               7A
                         000A86-000AFF               7A
                         000B86-0024FF              100
        SFR              000000-0004FF              100
                         002500-0025FF              100
        SMALLCONST       006FE3-006FE3                1
                         00710C-00FFFF              100
                         012600-01FFFF              100

                                  Symbol Table

?_ADC_ChannelSelectAndConvert                                   cstackCOMRAM 000501
?_LM35_ReadTemperature                                          cstackCOMRAM 000528
?_TMR0_PeriodGet                                                cstackBANK5  000577
?___awdiv                                                       cstackCOMRAM 000501
?___awmod                                                       cstackCOMRAM 000532
?___fladd                                                       cstackBANK5  0005B7
?___fldiv                                                       cstackBANK5  00059E
?___flmul                                                       cstackBANK5  000585
?___fltol                                                       cstackBANK5  0005C7
?___xxtofl                                                      cstackBANK5  000577
?_abs                                                           cstackCOMRAM 000538
?_newFlujometro                                                 cstackBANK5  000577
?_newServomotor                                                 cstackBANK5  000577
?_newTempSensor                                                 cstackBANK5  000577
?_printf                                                        cstackBANK5  000560
?_read_prec_or_width                                            cstackCOMRAM 000501
?_tempSensor_GetanalogPin                                       cstackCOMRAM 000501
?_tempSensor_Read                                               cstackCOMRAM 000536
?_vfprintf                                                      cstackCOMRAM 000556
?i2___flmul                                                     cstackCOMRAM 00050F
?i2___fltol                                                     cstackCOMRAM 000528
?i2___xxtofl                                                    cstackCOMRAM 000501
ADC_ChannelSelectAndConvert@channel                             cstackCOMRAM 000505
FlujometroInit@FlujoMax                                         cstackBANK5  00057A
FlujometroInit@Pin                                              cstackBANK5  000579
FlujometroInit@pFlujom                                          cstackBANK5  000577
FlujometroInit@pFlujometro                                      cstackBANK5  00057C
I2C1_AddrTransmit@addr                                          cstackBANK5  000577
I2C1_CounterSet@counter                                         cstackBANK5  000577
I2C1_DataTransmit@data                                          cstackCOMRAM 000501
I2C1_Write@address                                              cstackBANK5  000578
I2C1_Write@data                                                 cstackBANK5  00057A
I2C1_Write@dataLength                                           cstackBANK5  00057C
I2C1_Write@retStatus                                            cstackBANK5  00057E
I2C1_WriteRead@address                                          cstackBANK5  000578
I2C1_WriteRead@readData                                         cstackBANK5  00057E
I2C1_WriteRead@readLength                                       cstackBANK5  000580
I2C1_WriteRead@writeData                                        cstackBANK5  00057A
I2C1_WriteRead@writeLength                                      cstackBANK5  00057C
INT0_SetInterruptHandler@InterruptHandler                       cstackBANK5  000577
INT1_SetInterruptHandler@InterruptHandler                       cstackBANK5  000577
INT2_SetInterruptHandler@InterruptHandler                       cstackBANK5  000577
INTSTAT_ADDR                                                    (abs)        0000D7
IVTBASEH                                                        (abs)        00045E
IVTBASEL                                                        (abs)        00045D
IVTBASEU                                                        (abs)        00045F
LM35_ReadTemperature@readADC                                    cstackCOMRAM 000534
LM35_ReadTemperature@temperature                                cstackCOMRAM 00052C
LM35_SetAnalogPin@analogPin                                     cstackCOMRAM 000506
ServomotorInit@Max_Count                                        cstackBANK5  00057C
ServomotorInit@Min_Count                                        cstackBANK5  00057A
ServomotorInit@Pin                                              cstackBANK5  000579
ServomotorInit@pServo                                           cstackBANK5  000577
ServomotorInit@pServomotor                                      cstackBANK5  00057E
SetAngleServomotor@Angle                                        cstackBANK6  0006EF
SetAngleServomotor@Max_Count                                    cstackBANK7  00078A
SetAngleServomotor@Min_Count                                    cstackBANK7  00078C
SetAngleServomotor@angle_float                                  cstackBANK7  000786
SetAngleServomotor@low_time                                     cstackBANK7  00078E
SetAngleServomotor@pServo                                       cstackBANK6  0006ED
SetAngleServomotor@pServomotor                                  cstackBANK7  000790
SetFlujoFlujometro@Flujo                                        cstackBANK6  0006EF
SetFlujoFlujometro@flujoMax                                     cstackBANK6  0006F3
SetFlujoFlujometro@low_time                                     cstackBANK6  0006F7
SetFlujoFlujometro@pFlujom                                      cstackBANK6  0006ED
SetFlujoFlujometro@pFlujometro                                  cstackBANK6  0006F9
TMR0_OverflowCallbackRegister@callbackHandler                   cstackBANK5  000577
UART1_FramingErrorCallbackRegister@callbackHandler              cstackBANK5  000577
UART1_OverrunErrorCallbackRegister@callbackHandler              cstackBANK5  000577
UART1_ParityErrorCallbackRegister@callbackHandler               cstackBANK5  000577
UART1_Read@readValue                                            cstackCOMRAM 000502
UART1_Read@tempRxTail                                           cstackCOMRAM 000501
UART1_ReceiveISR@regValue                                       cstackCOMRAM 000510
UART1_ReceiveISR@tempRxHead                                     cstackCOMRAM 000511
UART1_RxCompleteCallbackRegister@callbackHandler                cstackBANK5  000577
UART1_TransmitISR@tempTxTail                                    cstackCOMRAM 000501
UART1_Write@tempTxHead                                          cstackBANK5  000577
UART1_Write@txData                                              cstackBANK5  000578
UltrasonicAtomization_DecodeRxFrame@centenas                    cstackCOMRAM 000509
UltrasonicAtomization_DecodeRxFrame@decenas                     cstackCOMRAM 00050B
UltrasonicAtomization_DecodeRxFrame@millares                    cstackCOMRAM 000507
UltrasonicAtomization_DecodeRxFrame@pQueueHead                  cstackCOMRAM 000501
UltrasonicAtomization_DecodeRxFrame@unidades                    cstackCOMRAM 00050D
UltrasonicAtomization_HALCallbackRegister@Callback              cstackBANK5  000577
UltrasonicAtomization_InterruptHandlerRegister@InterruptHandler cstackBANK5  000577
_ACTCON                                                         (abs)        0000AC
_ADACCH                                                         (abs)        0003E4
_ADACCL                                                         (abs)        0003E3
_ADACCU                                                         (abs)        0003E5
_ADACQH                                                         (abs)        0003EF
_ADACQL                                                         (abs)        0003EE
_ADACT                                                          (abs)        0003F9
_ADCAP                                                          (abs)        0003F0
_ADCLK                                                          (abs)        0003FA
_ADCNT                                                          (abs)        0003E6
_ADCON0                                                         (abs)        0003F3
_ADCON0bits                                                     (abs)        0003F3
_ADCON1                                                         (abs)        0003F4
_ADCON1bits                                                     (abs)        0003F4
_ADCON2                                                         (abs)        0003F5
_ADCON2bits                                                     (abs)        0003F5
_ADCON3                                                         (abs)        0003F6
_ADCON3bits                                                     (abs)        0003F6
_ADCP                                                           (abs)        0003D8
_ADCPbits                                                       (abs)        0003D8
_ADC_ChannelSelectAndConvert                                    text84       006C48
_ADC_ConversionDoneCallback                                     bssBANK6     00067A
_ADC_ISR                                                        text126      007100
_ADC_Initialize                                                 text42       006622
_ADC_ThresholdCallback                                          bssBANK6     000677
_ADC_ThresholdISR                                               text125      0070FC
_ADERRH                                                         (abs)        0003DE
_ADERRL                                                         (abs)        0003DD
_ADFLTRH                                                        (abs)        0003E2
_ADFLTRL                                                        (abs)        0003E1
_ADLTHH                                                         (abs)        0003DA
_ADLTHL                                                         (abs)        0003D9
_ADPCH                                                          (abs)        0003EC
_ADPREH                                                         (abs)        0003F2
_ADPREL                                                         (abs)        0003F1
_ADPREVH                                                        (abs)        0003E9
_ADPREVL                                                        (abs)        0003E8
_ADREF                                                          (abs)        0003F8
_ADRESH                                                         (abs)        0003EB
_ADRESL                                                         (abs)        0003EA
_ADRPT                                                          (abs)        0003E7
_ADSTAT                                                         (abs)        0003F7
_ADSTATbits                                                     (abs)        0003F7
_ADSTPTH                                                        (abs)        0003E0
_ADSTPTL                                                        (abs)        0003DF
_ADUTHH                                                         (abs)        0003DC
_ADUTHL                                                         (abs)        0003DB
_AN0                                                            bssBANK6     0006D7
_ANSELA                                                         (abs)        000400
_ANSELB                                                         (abs)        000408
_ANSELC                                                         (abs)        000410
_ANSELD                                                         (abs)        000418
_ANSELE                                                         (abs)        000420
_ANSELF                                                         (abs)        000428
_CLOCK_Initialize                                               text41       006FA8
_Counter                                                        bssBANK5     0005E4
_FlujometroInit                                                 text59       006BEA
_Flujometro_2                                                   bssBANK7     000720
_Flujometro_3                                                   bssBANK7     000748
_Flujometro_4                                                   bssBANK7     000734
_Flujometro_Initialize                                          text43       004E84
_GetFlujoFlujometro                                             (abs)        000000
_GetFlujoMaxFlujometro                                          (abs)        000000
_I2C1ADB1                                                       (abs)        00028F
_I2C1CLK                                                        (abs)        00029C
_I2C1CNT                                                        (abs)        00028D
_I2C1CON0                                                       (abs)        000294
_I2C1CON0bits                                                   (abs)        000294
_I2C1CON1                                                       (abs)        000295
_I2C1CON1bits                                                   (abs)        000295
_I2C1CON2                                                       (abs)        000296
_I2C1ERR                                                        (abs)        000297
_I2C1ERRbits                                                    (abs)        000297
_I2C1PIE                                                        (abs)        00029B
_I2C1PIEbits                                                    (abs)        00029B
_I2C1PIR                                                        (abs)        00029A
_I2C1PIRbits                                                    (abs)        00029A
_I2C1RXB                                                        (abs)        00028B
_I2C1SCLPPS                                                     (abs)        000271
_I2C1SDAPPS                                                     (abs)        000270
_I2C1STAT0bits                                                  (abs)        000298
_I2C1STAT1                                                      (abs)        000299
_I2C1STAT1bits                                                  (abs)        000299
_I2C1TXB                                                        (abs)        00028C
_I2C1_AddrTransmit                                              text52       00706E
_I2C1_BufferClear                                               text124      0070A4
_I2C1_BusReset                                                  text119      006A66
_I2C1_Callback                                                  bssBANK6     000674
_I2C1_CallbackRegister                                          (abs)        000000
_I2C1_Close                                                     text107      006CCA
_I2C1_CounterGet                                                text113      0070E8
_I2C1_CounterSet                                                text51       007064
_I2C1_DataReceive                                               text102      0070D6
_I2C1_DataTransmit                                              text112      00709C
_I2C1_Deinitialize                                              (abs)        000000
_I2C1_ERROR_ISR                                                 text108      005EF4
_I2C1_ErrorFlagsClear                                           text123      007082
_I2C1_ErrorGet                                                  (abs)        000000
_I2C1_Host                                                      smallconst   002649
_I2C1_ISR                                                       text103      00650C
_I2C1_Initialize                                                text39       0066E6
_I2C1_InterruptsClear                                           text122      0070EE
_I2C1_InterruptsDisable                                         text121      006FF6
_I2C1_InterruptsEnable                                          text40       006F94
_I2C1_IsAddr                                                    text118      006F7E
_I2C1_IsBusCol                                                  text117      006F68
_I2C1_IsBusTimeOut                                              text116      006F52
_I2C1_IsBusy                                                    text53       006BBA
_I2C1_IsBusy$1438                                               cstackBANK5  000577
_I2C1_IsData                                                    text115      006F3C
_I2C1_IsNack                                                    text114      006F26
_I2C1_RX_ISR                                                    text101      006F10
_I2C1_Read                                                      (abs)        000000
_I2C1_ReadStart                                                 text104      006CA0
_I2C1_RestartDisable                                            text111      0070E2
_I2C1_RestartEnable                                             text50       0070CA
_I2C1_StartSend                                                 text49       0070C4
_I2C1_StopSend                                                  text109      006D18
_I2C1_TX_ISR                                                    text100      006EFA
_I2C1_Write                                                     text47       006740
_I2C1_WriteRead                                                 text10       0067F2
_I2C1_WriteStart                                                text48       0069A8
_INLVLA                                                         (abs)        000404
_INLVLB                                                         (abs)        00040C
_INLVLC                                                         (abs)        000414
_INLVLD                                                         (abs)        00041C
_INLVLE                                                         (abs)        000424
_INLVLF                                                         (abs)        00042C
_INT0_DefaultInterruptHandler                                   (abs)        000000
_INT0_InterruptHandler                                          bssBANK6     000668
_INT0_SetInterruptHandler                                       text38       00704C
_INT1_DefaultInterruptHandler                                   (abs)        000000
_INT1_InterruptHandler                                          bssBANK6     000665
_INT1_SetInterruptHandler                                       text37       00703E
_INT2_DefaultInterruptHandler                                   (abs)        000000
_INT2_InterruptHandler                                          bssBANK6     000662
_INT2_SetInterruptHandler                                       text36       007030
_INTCON0bits                                                    (abs)        0004D6
_INTERRUPT_Initialize                                           text35       0068DA
_INTERRUPT_InterruptManager                                     text60       0045D6
_IOCAF                                                          (abs)        000407
_IOCAN                                                          (abs)        000406
_IOCAP                                                          (abs)        000405
_IOCBF                                                          (abs)        00040F
_IOCBN                                                          (abs)        00040E
_IOCBP                                                          (abs)        00040D
_IOCCF                                                          (abs)        000417
_IOCCN                                                          (abs)        000416
_IOCCP                                                          (abs)        000415
_IOCEF                                                          (abs)        000427
_IOCEN                                                          (abs)        000426
_IOCEP                                                          (abs)        000425
_LATA                                                           (abs)        0004BE
_LATB                                                           (abs)        0004BF
_LATC                                                           (abs)        0004C0
_LATCbits                                                       (abs)        0004C0
_LATD                                                           (abs)        0004C1
_LATE                                                           (abs)        0004C2
_LATF                                                           (abs)        0004C3
_LM35_ReadTemperature                                           text81       0063C8
_LM35_ReadTemperature$8040                                      cstackCOMRAM 000530
_LM35_SetAnalogPin                                              text80       007078
_ODCONA                                                         (abs)        000402
_ODCONB                                                         (abs)        00040A
_ODCONC                                                         (abs)        000412
_ODCOND                                                         (abs)        00041A
_ODCONE                                                         (abs)        000422
_ODCONF                                                         (abs)        00042A
_OSCCON1                                                        (abs)        0000AD
_OSCCON3                                                        (abs)        0000AF
_OSCEN                                                          (abs)        0000B3
_OSCFRQ                                                         (abs)        0000B1
_OSCTUNE                                                        (abs)        0000B0
_PCA9685                                                        smallconst   002667
_PIE1bits                                                       (abs)        00049F
_PIE2bits                                                       (abs)        0004A0
_PIE3bits                                                       (abs)        0004A1
_PIE4bits                                                       (abs)        0004A2
_PIE7bits                                                       (abs)        0004A5
_PIN_MANAGER_Initialize                                         text34       00627A
_PIR10bits                                                      (abs)        0004B8
_PIR1bits                                                       (abs)        0004AF
_PIR2bits                                                       (abs)        0004B0
_PIR3bits                                                       (abs)        0004B1
_PIR4bits                                                       (abs)        0004B2
_PIR6bits                                                       (abs)        0004B4
_PIR7bits                                                       (abs)        0004B5
_RB1I2C                                                         (abs)        000289
_RB1PPS                                                         (abs)        00020A
_RB2I2C                                                         (abs)        000288
_RB2PPS                                                         (abs)        00020B
_RC3I2C                                                         (abs)        000287
_RC4I2C                                                         (abs)        000286
_RF0PPS                                                         (abs)        000229
_SLRCONA                                                        (abs)        000403
_SLRCONB                                                        (abs)        00040B
_SLRCONC                                                        (abs)        000413
_SLRCOND                                                        (abs)        00041B
_SLRCONE                                                        (abs)        000423
_SLRCONF                                                        (abs)        00042B
_SYSTEM_Initialize                                              text28       006E56
_ServomotorEven                                                 bssBANK6     00064A
_ServomotorInit                                                 text27       006920
_Servomotor_0                                                   bssBANK6     0006C9
_Servomotor_1                                                   bssBANK6     0006BB
_Servomotor_2                                                   bssBANK6     0006AD
_Servomotor_Initialize                                          text24       004CE4
_SetAngleServomotor                                             text26       0047B8
_SetFlujoFlujometro                                             text45       0055A0
_SetFlujoMaxFlujometro                                          (abs)        000000
_T0CON0                                                         (abs)        00031A
_T0CON0bits                                                     (abs)        00031A
_T0CON1                                                         (abs)        00031B
_TIMER_100MS                                                    bssBANK6     000681
_TMR0H                                                          (abs)        000319
_TMR0L                                                          (abs)        000318
_TMR0_CounterGet                                                (abs)        000000
_TMR0_CounterSet                                                (abs)        000000
_TMR0_DefaultCallback                                           text72       00710A
_TMR0_Deinitialize                                              (abs)        000000
_TMR0_ISR                                                       text71       0069E8
_TMR0_Initialize                                                text33       006AA4
_TMR0_MaxCountGet                                               (abs)        000000
_TMR0_OverflowCallback                                          nvBANK6      0006FD
_TMR0_OverflowCallbackRegister                                  text23       007022
_TMR0_PeriodGet                                                 text7        00705A
_TMR0_PeriodSet                                                 (abs)        000000
_TMR0_Reload                                                    (abs)        000000
_TMR0_Start                                                     text22       0070BE
_TMR0_Stop                                                      (abs)        000000
_TMR0_TMRInterruptDisable                                       text21       007014
_TMR0_TMRInterruptDisable$intlevel0                             text21       00701E
_TMR0_TMRInterruptEnable                                        text20       007006
_TMR0_TMRInterruptEnable$intlevel0                              text20       007010
_TRISA                                                          (abs)        0004C6
_TRISB                                                          (abs)        0004C7
_TRISC                                                          (abs)        0004C8
_TRISCbits                                                      (abs)        0004C8
_TRISD                                                          (abs)        0004C9
_TRISE                                                          (abs)        0004CA
_TRISF                                                          (abs)        0004CB
_TempSensorLM35_0                                               bssBANK8     000800
_TempSensorLM35_1                                               bssBANK9     000900
_TempSensorLM35_2                                               bssBANK10    000A00
_TempSensorLM35_3                                               bssBANK11    000B00
_U1BRGH                                                         (abs)        0002AF
_U1BRGL                                                         (abs)        0002AE
_U1CON0                                                         (abs)        0002AB
_U1CON0bits                                                     (abs)        0002AB
_U1CON1                                                         (abs)        0002AC
_U1CON1bits                                                     (abs)        0002AC
_U1CON2                                                         (abs)        0002AD
_U1ERRIE                                                        (abs)        0002B3
_U1ERRIR                                                        (abs)        0002B2
_U1ERRIRbits                                                    (abs)        0002B2
_U1FIFO                                                         (abs)        0002B0
_U1P1H                                                          (abs)        0002A6
_U1P1L                                                          (abs)        0002A5
_U1P2H                                                          (abs)        0002A8
_U1P2L                                                          (abs)        0002A7
_U1P3H                                                          (abs)        0002AA
_U1P3L                                                          (abs)        0002A9
_U1RXB                                                          (abs)        0002A1
_U1RXCHK                                                        (abs)        0002A2
_U1RXPPS                                                        (abs)        000272
_U1TXB                                                          (abs)        0002A3
_U1TXCHK                                                        (abs)        0002A4
_U1UIR                                                          (abs)        0002B1
_U1UIRbits                                                      (abs)        0002B1
_UART1                                                          smallconst   002601
_UART1_AutoBaudQuery                                            (abs)        000000
_UART1_AutoBaudSet                                              (abs)        000000
_UART1_DefaultFramingErrorCallback                              text69       007108
_UART1_DefaultOverrunErrorCallback                              text68       007106
_UART1_DefaultParityErrorCallback                               text67       007104
_UART1_Deinitialize                                             (abs)        000000
_UART1_Enable                                                   text19       0070B8
_UART1_ErrorGet                                                 (abs)        000000
_UART1_FramingErrorCallbackRegister                             text32       006DF2
_UART1_FramingErrorHandler                                      bssBANK6     00065F
_UART1_GeneralErrorInterruptHandler                             bssBANK6     000650
_UART1_GeneralISR                                               text70       0070D0
_UART1_GeneralInterruptHandler                                  bssBANK6     00066B
_UART1_Initialize                                               text29       005FB6
_UART1_IsRxReady                                                (abs)        000000
_UART1_IsTxDone                                                 (abs)        000000
_UART1_IsTxReady                                                text96       006EE2
_UART1_OverrunErrorCallbackRegister                             text31       006DCE
_UART1_OverrunErrorHandler                                      bssBANK6     00065C
_UART1_ParityErrorCallbackRegister                              text30       006DAA
_UART1_ParityErrorHandler                                       bssBANK6     000659
_UART1_Read                                                     text66       006B4E
_UART1_ReceiveEnable                                            text18       0070B2
_UART1_ReceiveISR                                               text62       00501E
_UART1_RxCompleteCallbackRegister                               text15       006D86
_UART1_RxCompleteInterruptHandler                               bssBANK6     000653
_UART1_RxInterruptHandler                                       bssBANK6     00066E
_UART1_TransmitDisable                                          (abs)        000000
_UART1_TransmitEnable                                           text16       0070AC
_UART1_TransmitISR                                              text61       006A28
_UART1_TxCompleteInterruptHandler                               bssBANK6     000656
_UART1_TxInterruptHandler                                       bssBANK6     000671
_UART1_Write                                                    text17       00679A
_UART1_Write$intlevel0                                          text17       0067A4
_UltrasonicAtomizationHAL_Initialize                            text14       006C1A
_UltrasonicAtomization_DecodeRxFrame                            text65       004100
_UltrasonicAtomization_EventHandlerInitialize                   text12       006ECA
_UltrasonicAtomization_HALCallbackRegister                      text13       006D62
_UltrasonicAtomization_InterruptHandler                         bssBANK6     000647
_UltrasonicAtomization_InterruptHandlerRegister                 text11       006D3E
_UltrasonicAtomization_RxDecodeSerialFrame                      text63       005A0C
_WPUA                                                           (abs)        000401
_WPUB                                                           (abs)        000409
_WPUC                                                           (abs)        000411
_WPUD                                                           (abs)        000419
_WPUE                                                           (abs)        000421
_WPUF                                                           (abs)        000429
__HRAM                                                          (abs)        000000
__H__absolute__                                                 __absolute__ 000000
__Habs1                                                         abs1         000000
__Hbank10                                                       bank10       000000
__Hbank11                                                       bank11       000000
__Hbank12                                                       bank12       000000
__Hbank13                                                       bank13       000000
__Hbank14                                                       bank14       000000
__Hbank15                                                       bank15       000000
__Hbank16                                                       bank16       000000
__Hbank17                                                       bank17       000000
__Hbank18                                                       bank18       000000
__Hbank19                                                       bank19       000000
__Hbank20                                                       bank20       000000
__Hbank21                                                       bank21       000000
__Hbank22                                                       bank22       000000
__Hbank23                                                       bank23       000000
__Hbank24                                                       bank24       000000
__Hbank25                                                       bank25       000000
__Hbank26                                                       bank26       000000
__Hbank27                                                       bank27       000000
__Hbank28                                                       bank28       000000
__Hbank29                                                       bank29       000000
__Hbank30                                                       bank30       000000
__Hbank31                                                       bank31       000000
__Hbank32                                                       bank32       000000
__Hbank33                                                       bank33       000000
__Hbank34                                                       bank34       000000
__Hbank35                                                       bank35       000000
__Hbank36                                                       bank36       000000
__Hbank5                                                        bank5        000000
__Hbank6                                                        bank6        000000
__Hbank7                                                        bank7        000000
__Hbank8                                                        bank8        000000
__Hbank9                                                        bank9        000000
__Hbigbss                                                       bigbss       000000
__Hbigdata                                                      bigdata      000000
__Hbigram                                                       bigram       000000
__Hbigsfr                                                       bigsfr       000000
__Hbss                                                          bss          000000
__HbssBANK10                                                    bssBANK10    000000
__HbssBANK11                                                    bssBANK11    000000
__HbssBANK5                                                     bssBANK5     000000
__HbssBANK6                                                     bssBANK6     000000
__HbssBANK7                                                     bssBANK7     000000
__HbssBANK8                                                     bssBANK8     000000
__HbssBANK9                                                     bssBANK9     000000
__Hcinit                                                        cinit        000000
__Hclrtext                                                      clrtext      000000
__Hcomram                                                       comram       000000
__Hconfig                                                       config       30000A
__Hconst                                                        const        000000
__HcstackBANK5                                                  cstackBANK5  000000
__HcstackBANK6                                                  cstackBANK6  000000
__HcstackBANK7                                                  cstackBANK7  000000
__HcstackCOMRAM                                                 cstackCOMRAM 000000
__Hdata                                                         data         000000
__HdataBANK6                                                    dataBANK6    000000
__HdataBANK7                                                    dataBANK7    000000
__Heeprom_data                                                  eeprom_data  000000
__Hfarbss                                                       farbss       000000
__Hfardata                                                      fardata      000000
__Hheap                                                         heap         000000
__Hibigdata                                                     ibigdata     000000
__Hidata                                                        idata        000000
__HidataBANK6                                                   idataBANK6   000000
__HidataBANK7                                                   idataBANK7   000000
__Hidloc                                                        idloc        000000
__Hifardata                                                     ifardata     000000
__Hinit                                                         init         00001E
__Hintsave_regs                                                 intsave_regs 000000
__Hirdata                                                       irdata       000000
__Hivt0x8                                                       ivt0x8       00001A
__Hmediumconst                                                  mediumconst  000000
__HnvBANK6                                                      nvBANK6      000000
__HnvFARRAM                                                     nvFARRAM     000000
__Hnvbit                                                        nvbit        000000
__Hnvrram                                                       nvrram       000000
__Hparam                                                        rparam       000000
__Hpowerup                                                      powerup      000000
__Hram                                                          ram          000000
__Hramtop                                                       ramtop       002600
__Hrbit                                                         rbit         000000
__Hrbss                                                         rbss         000000
__Hrdata                                                        rdata        000000
__Hreset_vec                                                    reset_vec    000004
__Hrparam                                                       rparam       000000
__Hsfr                                                          sfr          000000
__Hsmallconst                                                   smallconst   0026BC
__Hspace_0                                                      (abs)        00710C
__Hspace_1                                                      (abs)        000B86
__Hspace_2                                                      (abs)        000000
__Hspace_4                                                      (abs)        60000A
__Hstack                                                        stack        000000
__Hstruct                                                       struct       000000
__Htemp                                                         temp         000000
__Htext                                                         text         000000
__Htext0                                                        text0        000000
__Htext1                                                        text1        000000
__Htext10                                                       text10       000000
__Htext100                                                      text100      000000
__Htext101                                                      text101      000000
__Htext102                                                      text102      000000
__Htext103                                                      text103      000000
__Htext104                                                      text104      000000
__Htext105                                                      text105      000000
__Htext106                                                      text106      000000
__Htext107                                                      text107      000000
__Htext108                                                      text108      000000
__Htext109                                                      text109      000000
__Htext11                                                       text11       000000
__Htext110                                                      text110      000000
__Htext111                                                      text111      000000
__Htext112                                                      text112      000000
[...]
i2UART1_Write@tempTxHead                                        cstackCOMRAM 000501
i2UART1_Write@txData                                            cstackCOMRAM 000502
i2_I2C1_AddrTransmit                                            text106      00708C
i2_I2C1_CounterSet                                              text110      007094
i2_I2C1_InterruptsEnable                                        text120      006FBC
i2_I2C1_StartSend                                               text105      0070DC
i2_TMR0_TMRInterruptDisable                                     text75       0070F8
i2_TMR0_TMRInterruptEnable                                      text74       0070F4
i2_UART1_Write                                                  text95       00688E
i2___flmul                                                      text83       003948
i2___flmul@a                                                    cstackCOMRAM 000513
i2___flmul@aexp                                                 cstackCOMRAM 000520
i2___flmul@b                                                    cstackCOMRAM 00050F
i2___flmul@bexp                                                 cstackCOMRAM 000521
i2___flmul@grs                                                  cstackCOMRAM 00051C
i2___flmul@prod                                                 cstackCOMRAM 000522
i2___flmul@sign                                                 cstackCOMRAM 00051B
i2___flmul@temp                                                 cstackCOMRAM 000526
i2___fltol                                                      text77       005906
i2___fltol@exp1                                                 cstackCOMRAM 000531
i2___fltol@f1                                                   cstackCOMRAM 000528
i2___fltol@sign1                                                cstackCOMRAM 000530
i2___xxtofl                                                     text82       004B30
i2___xxtofl@arg                                                 cstackCOMRAM 00050B
i2___xxtofl@exp                                                 cstackCOMRAM 00050A
i2___xxtofl@sign                                                cstackCOMRAM 000509
i2___xxtofl@val                                                 cstackCOMRAM 000501
intlevel0                                                       text         000000
intlevel1                                                       text         000000
intlevel2                                                       text         000000
intlevel3                                                       text         000000
isa$std                                                         (abs)        000001
isa$xinst                                                       (abs)        000000
ivt0x8_base                                                     ivt0x8       000008
memset@c                                                        cstackCOMRAM 000503
memset@dest                                                     cstackCOMRAM 000501
memset@n                                                        cstackCOMRAM 000505
memset@p                                                        cstackCOMRAM 000507
newFlujometro@pFlujometro                                       cstackBANK5  000577
newServomotor@pServo                                            cstackBANK5  000577
newTempSensor@pSensor                                           cstackBANK5  000577
pad@buf                                                         cstackCOMRAM 000516
pad@fp                                                          cstackCOMRAM 000514
pad@i                                                           cstackCOMRAM 00051B
pad@p                                                           cstackCOMRAM 000518
printf@ap                                                       cstackCOMRAM 00055C
printf@fmt                                                      cstackBANK5  000560
putch@txData                                                    cstackCOMRAM 000503
read_prec_or_width@ap                                           cstackCOMRAM 000503
read_prec_or_width@c                                            cstackCOMRAM 000507
read_prec_or_width@fmt                                          cstackCOMRAM 000501
read_prec_or_width@n                                            cstackCOMRAM 000508
setPWM@addres                                                   cstackBANK5  000589
setPWM@buffer                                                   cstackBANK5  000584
setPWM@num                                                      cstackBANK5  000583
setPWM@off                                                      cstackBANK5  000581
setPWM@on                                                       cstackBANK5  00057F
setPWMFreq@data                                                 cstackBANK6  0006F9
setPWMFreq@freq                                                 cstackBANK6  0006ED
setPWMFreq@newmode                                              cstackBANK6  0006F3
setPWMFreq@oldmode                                              cstackBANK6  0006F8
setPWMFreq@prescale                                             cstackBANK6  0006F2
setPWMFreq@prescaleval                                          cstackBANK6  0006F4
setPWMFreq@reg                                                  cstackBANK6  0006FB
stackhi                                                         (abs)        000000
stacklo                                                         (abs)        000000
start                                                           init         00001A
start_initialization                                            cinit        0061D2
stoa@cp                                                         cstackCOMRAM 000517
stoa@fp                                                         cstackCOMRAM 00050D
stoa@l                                                          cstackCOMRAM 000519
stoa@p                                                          cstackCOMRAM 000513
stoa@s                                                          cstackCOMRAM 00050F
stoa@w                                                          cstackCOMRAM 000515
tempSensor_DisplayValue@pSensor                                 cstackCOMRAM 00055E
tempSensor_DisplayValue@ptempSensor                             cstackBANK5  00056E
tempSensor_DisplayValue@tempDec                                 cstackBANK5  000569
tempSensor_DisplayValue@tempInt                                 cstackBANK5  000567
tempSensor_DisplayValue@temporalval                             cstackBANK5  00056A
tempSensor_GetanalogPin@pSensor                                 cstackCOMRAM 000501
tempSensor_GetanalogPin@ptempSensor                             cstackCOMRAM 000504
tempSensor_Initialize@ID                                        cstackBANK5  00057F
tempSensor_Initialize@Name                                      cstackBANK5  000581
tempSensor_Initialize@pSensor                                   cstackBANK5  00057D
tempSensor_Read@pSensor                                         cstackCOMRAM 000536
tempSensor_Read@ptempSensor                                     cstackCOMRAM 000539
tempSensor_SetanalogPin@analogPin                               cstackBANK5  000579
tempSensor_SetanalogPin@pSensor                                 cstackBANK5  000577
tempSensor_SetanalogPin@ptempSensor                             cstackBANK5  00057B
tempSensor_setID@ID                                             cstackBANK5  000579
tempSensor_setID@pSensor                                        cstackBANK5  000577
tempSensor_setID@ptempSensor                                    cstackBANK5  00057B
tempSensor_setName@Name                                         cstackBANK5  000579
tempSensor_setName@pSensor                                      cstackBANK5  000577
tempSensor_setName@ptempSensor                                  cstackBANK5  00057A
vfpfcnvrt@ap                                                    cstackCOMRAM 00054C
vfpfcnvrt@convarg                                               cstackCOMRAM 000550
vfpfcnvrt@cp                                                    cstackCOMRAM 000555
vfpfcnvrt@done                                                  cstackCOMRAM 000554
vfpfcnvrt@fmt                                                   cstackCOMRAM 00054A
vfpfcnvrt@fp                                                    cstackCOMRAM 000548
vfprintf@ap                                                     cstackCOMRAM 000559
vfprintf@cfmt                                                   cstackCOMRAM 00055B
vfprintf@fmt                                                    cstackCOMRAM 000558
vfprintf@fp                                                     cstackCOMRAM 000556


MODULE INFORMATION

Module		Function		Class		Link	Load	Size
C:\Program Files\Microchip\xc8\v3.00\pic\sources\c99\common\flge.c
		___flge        		CODE           	5800	0000	262

C:\Program Files\Microchip\xc8\v3.00\pic\sources\c99\common\flge.c estimated size: 262

app_driverServomotor.c
		_Servomotor_Initialize		CODE           	4CE4	0000	416

app_driverServomotor.c estimated size: 416

C:\Program Files\Microchip\xc8\v3.00\pic\sources\c99\common\abs.c
		_abs           		CODE           	6B86	0000	52

C:\Program Files\Microchip\xc8\v3.00\pic\sources\c99\common\abs.c estimated size: 52

C:\Program Files\Microchip\xc8\v3.00\pic\sources\c99\common\nf_fputc.c
		_fputc         		CODE           	5CA4	0000	202

C:\Program Files\Microchip\xc8\v3.00\pic\sources\c99\common\nf_fputc.c estimated size: 202

Flujometros/flujometros.c
		_newFlujometro 		CODE           	65A2	0000	128
		_FlujometroInit		CODE           	6BEA	0000	48
		_SetFlujoFlujometro		CODE           	55A0	0000	322

Flujometros/flujometros.c estimated size: 498

mcc_generated_files/system/src/interrupt.c
		_INT0_SetInterruptHandler		CODE           	704C	0000	14
		_INT1_SetInterruptHandler		CODE           	703E	0000	14
		_INT2_SetInterruptHandler		CODE           	7030	0000	14
		_INTERRUPT_Initialize		CODE           	68DA	0000	70
		_INTERRUPT_InterruptManager		CODE           	45D6	0000	482

mcc_generated_files/system/src/interrupt.c estimated size: 594

Ultrasonic_At/UltrasonicAtHAL.c
		_UltrasonicAtomizationHAL_Initialize		CODE           	6C1A	0000	46
		_UltrasonicAtomization_HALCallbackRegister		CODE           	6D62	0000	36
		_UltrasonicAtomization_RxDecodeSerialFrame		CODE           	5A0C	0000	226

Ultrasonic_At/UltrasonicAtHAL.c estimated size: 308

LM35_TI/LM35_TI.c
		_LM35_ReadTemperature		CODE           	63C8	0000	162
		_LM35_SetAnalogPin		CODE           	7078	0000	10

LM35_TI/LM35_TI.c estimated size: 172

mcc_generated_files/adc/src/adc.c
		_ADC_Initialize		CODE           	6622	0000	98
		_ADC_ChannelSelectAndConvert		CODE           	6C48	0000	46
		_ADC_ISR       		CODE           	7100	0000	4
		_ADC_ThresholdISR		CODE           	70FC	0000	4

mcc_generated_files/adc/src/adc.c estimated size: 152

C:\Program Files\Microchip\xc8\v3.00\pic\sources\c99\common\printf.c
		_printf        		CODE           	6E16	0000	34

C:\Program Files\Microchip\xc8\v3.00\pic\sources\c99\common\printf.c estimated size: 34

TEMP_SENSOR/TempSensor.c
		_tempSensor_Read		CODE           	6070	0000	180
		_tempSensor_GetanalogPin		CODE           	6FE4	0000	18
		_tempSensor_SetanalogPin		CODE           	6E38	0000	30
		_tempSensor_setID		CODE           	6EAE	0000	28
		_tempSensor_Initialize		CODE           	6CF2	0000	38
		_tempSensor_DisplayValue		CODE           	5BCC	0000	216
		_newTempSensor 		CODE           	545C	0000	324
		_tempSensor_setName		CODE           	6E92	0000	28

TEMP_SENSOR/TempSensor.c estimated size: 862

Servo/Servomotor.c
		_SetAngleServomotor		CODE           	47B8	0000	448
		_ServomotorInit		CODE           	6920	0000	68
		_newServomotor 		CODE           	6ADE	0000	56

Servo/Servomotor.c estimated size: 572

mcc_generated_files/uart/src/uart1.c
		_UART1_DefaultOverrunErrorCallback		CODE           	7106	0000	2
		_UART1_RxCompleteCallbackRegister		CODE           	6D86	0000	36
		_UART1_IsTxReady		CODE           	6EE2	0000	24
		_UART1_Write   		CODE           	679A	0000	88
		_putch         		CODE           	6E74	0000	30
		_UART1_DefaultParityErrorCallback		CODE           	7104	0000	2
		_UART1_FramingErrorCallbackRegister		CODE           	6DF2	0000	36
		_UART1_ReceiveEnable		CODE           	70B2	0000	6
		_UART1_OverrunErrorCallbackRegister		CODE           	6DCE	0000	36
		_UART1_ReceiveISR		CODE           	501E	0000	382
		_UART1_TransmitEnable		CODE           	70AC	0000	6
		_UART1_Initialize		CODE           	5FB6	0000	186
		_UART1_Read    		CODE           	6B4E	0000	56
		_UART1_Enable  		CODE           	70B8	0000	6
		_UART1_DefaultFramingErrorCallback		CODE           	7108	0000	2
		_UART1_TransmitISR		CODE           	6A28	0000	62
		_UART1_ParityErrorCallbackRegister		CODE           	6DAA	0000	36
		_UART1_GeneralISR		CODE           	70D0	0000	6

mcc_generated_files/uart/src/uart1.c estimated size: 1002

mcc_generated_files/i2c_host/src/i2c1.c
		_I2C1_RX_ISR   		CODE           	6F10	0000	22
		_I2C1_InterruptsEnable		CODE           	6F94	0000	20
		_I2C1_WriteStart		CODE           	69A8	0000	64
		_I2C1_CounterGet		CODE           	70E8	0000	6
		_I2C1_CounterSet		CODE           	7064	0000	10
		_I2C1_ReadStart		CODE           	6CA0	0000	42
		_I2C1_InterruptsClear		CODE           	70EE	0000	6
		_I2C1_RestartEnable		CODE           	70CA	0000	6
		_I2C1_ISR      		CODE           	650C	0000	150
		_I2C1_DataReceive		CODE           	70D6	0000	6
		_I2C1_IsData   		CODE           	6F3C	0000	22
		_I2C1_IsNack   		CODE           	6F26	0000	22
		_I2C1_IsAddr   		CODE           	6F7E	0000	22
		_I2C1_IsBusy   		CODE           	6BBA	0000	48
		_I2C1_InterruptsDisable		CODE           	6FF6	0000	16
		_I2C1_BufferClear		CODE           	70A4	0000	8
		_I2C1_BusReset 		CODE           	6A66	0000	62
		_I2C1_Initialize		CODE           	66E6	0000	90
		_I2C1_Close    		CODE           	6CCA	0000	40
		_I2C1_IsBusCol 		CODE           	6F68	0000	22
		_I2C1_ERROR_ISR		CODE           	5EF4	0000	194
		_I2C1_Write    		CODE           	6740	0000	90
		_I2C1_ErrorFlagsClear		CODE           	7082	0000	10
		_I2C1_TX_ISR   		CODE           	6EFA	0000	22
		_I2C1_StopSend 		CODE           	6D18	0000	38
		_I2C1_RestartDisable		CODE           	70E2	0000	6
		_I2C1_DataTransmit		CODE           	709C	0000	8
		_I2C1_AddrTransmit		CODE           	706E	0000	10
		_I2C1_IsBusTimeOut		CODE           	6F52	0000	22
		_I2C1_WriteRead		CODE           	67F2	0000	78
		_I2C1_StartSend		CODE           	70C4	0000	6

mcc_generated_files/i2c_host/src/i2c1.c estimated size: 1168

C:\Program Files\Microchip\xc8\v3.00\pic\sources\c99\common\awmod.c
		___awmod       		CODE           	6124	0000	174

C:\Program Files\Microchip\xc8\v3.00\pic\sources\c99\common\awmod.c estimated size: 174

PCA9685/PCA9685.c
		_setPWM        		CODE           	6322	0000	166
		_setPWMFreq    		CODE           	26BC	0000	1248

PCA9685/PCA9685.c estimated size: 1414

C:\Program Files\Microchip\xc8\v3.00\pic\sources\c99\common\sprcmul.c
		___flmul       		CODE           	3520	0000	1064

C:\Program Files\Microchip\xc8\v3.00\pic\sources\c99\common\sprcmul.c estimated size: 1064

mcc_generated_files/system/src/pins.c
		_PIN_MANAGER_Initialize		CODE           	627A	0000	168

mcc_generated_files/system/src/pins.c estimated size: 168

C:\Program Files\Microchip\xc8\v3.00\pic\sources\c99\common\sprcdiv.c
		___fldiv       		CODE           	3D6E	0000	914

C:\Program Files\Microchip\xc8\v3.00\pic\sources\c99\common\sprcdiv.c estimated size: 914

shared
		_PCA9685       		SMALLCONST     	2667	0000	6
		i2_I2C1_CounterSet		CODE           	7094	0000	8
		i2_I2C1_InterruptsEnable		CODE           	6FBC	0000	20
		i2_TMR0_TMRInterruptEnable		CODE           	70F4	0000	4
		i2___fltol     		CODE           	5906	0000	262
		i2_I2C1_AddrTransmit		CODE           	708C	0000	8
		__initialization		CODE           	61D2	0000	162
		_I2C1_Host     		SMALLCONST     	2649	0000	30
		_UART1         		SMALLCONST     	2601	0000	72
		i2___flmul     		CODE           	3948	0000	1062
		i2___xxtofl    		CODE           	4B30	0000	436
		i2_UART1_Write 		CODE           	688E	0000	76
		i2_TMR0_TMRInterruptDisable		CODE           	70F8	0000	4
		i2_I2C1_StartSend		CODE           	70DC	0000	6

shared estimated size: 2156

C:\Program Files\Microchip\xc8\v3.00\pic\sources\c99\common\xxtofl.c
		___xxtofl      		CODE           	4978	0000	440

C:\Program Files\Microchip\xc8\v3.00\pic\sources\c99\common\xxtofl.c estimated size: 440

C:\Program Files\Microchip\xc8\v3.00\pic\sources\c99\common\nf_fputs.c
		_fputs         		CODE           	6964	0000	68

C:\Program Files\Microchip\xc8\v3.00\pic\sources\c99\common\nf_fputs.c estimated size: 68

Ultrasonic_At/UltrasonicAtEventHandler.c
		_UltrasonicAtomization_EventHandlerInitialize		CODE           	6ECA	0000	24
		_UltrasonicAtomization_InterruptHandlerRegister		CODE           	6D3E	0000	36
		_UltrasonicAtomization_DecodeRxFrame		CODE           	4100	0000	620

Ultrasonic_At/UltrasonicAtEventHandler.c estimated size: 680

app_lm35_int.c
		_temperatureSensor_Initialize		CODE           	5AEE	0000	222
		_temperatureSensor_Acquire		CODE           	6684	0000	98

app_lm35_int.c estimated size: 320

C:\Program Files\Microchip\xc8\v3.00\pic\sources\c99\common\memset.c
		_memset        		CODE           	6B16	0000	56

C:\Program Files\Microchip\xc8\v3.00\pic\sources\c99\common\memset.c estimated size: 56

mcc_generated_files/system/src/clock.c
		_CLOCK_Initialize		CODE           	6FA8	0000	20

mcc_generated_files/system/src/clock.c estimated size: 20

C:\Program Files\Microchip\xc8\v3.00\pic\sources\c99\common\awdiv.c
		___awdiv       		CODE           	5E32	0000	194

C:\Program Files\Microchip\xc8\v3.00\pic\sources\c99\common\awdiv.c estimated size: 194

mcc_generated_files/timer/src/tmr0.c
		_TMR0_DefaultCallback		CODE           	710A	0000	2
		_TMR0_OverflowCallbackRegister		CODE           	7022	0000	14
		_TMR0_TMRInterruptDisable		CODE           	7014	0000	14
		_TMR0_ISR      		CODE           	69E8	0000	64
		_TMR0_PeriodGet		CODE           	705A	0000	10
		_TMR0_Initialize		CODE           	6AA4	0000	58
		_TMR0_Start    		CODE           	70BE	0000	6
		_TMR0_TMRInterruptEnable		CODE           	7006	0000	14

mcc_generated_files/timer/src/tmr0.c estimated size: 182

C:\Program Files\Microchip\xc8\v3.00\pic\sources\c99\common\fltol.c
		___fltol       		CODE           	56E2	0000	286

C:\Program Files\Microchip\xc8\v3.00\pic\sources\c99\common\fltol.c estimated size: 286

main.c
		_main          		CODE           	2B9C	0000	1228

main.c estimated size: 1228

C:\Program Files\Microchip\xc8\v3.00\pic\sources\c99\common\doprnt.c
		_read_prec_or_width		CODE           	5D6E	0000	196
		_vfpfcnvrt     		CODE           	436C	0000	618
		_pad           		CODE           	646A	0000	162
		_dtoa          		CODE           	530E	0000	334
		_vfprintf      		CODE           	6840	0000	78
		_stoa          		CODE           	519C	0000	370

C:\Program Files\Microchip\xc8\v3.00\pic\sources\c99\common\doprnt.c estimated size: 1758

C:\Program Files\Microchip\xc8\v3.00\pic\sources\c99\common\sprcadd.c
		___fladd       		CODE           	3068	0000	1208

C:\Program Files\Microchip\xc8\v3.00\pic\sources\c99\common\sprcadd.c estimated size: 1208

mcc_generated_files/system/src/system.c
		_SYSTEM_Initialize		CODE           	6E56	0000	30

mcc_generated_files/system/src/system.c estimated size: 30

app_driverFlujometro.c
		_Flujometro_Initialize		CODE           	4E84	0000	410

app_driverFlujometro.c estimated size: 410

